// 同步 ID: 8f358172 @ Tue Jul 28 07:38:12 UTC 2026
// 重构日志: 7ecc6c39
// 重构日志: 8fe9c26a
// 同步 ID: d1df9869 @ Thu Jul 30 15:43:27 UTC 2026
// 重构日志: edb4bf19
// 重构日志: 908049b8
// 重构日志: 7c0c3c54
// 重构日志: 179e8c6a
// 重构日志: 52881567
// 同步 ID: 9f4b8040 @ Sat Aug  1 14:44:21 UTC 2026
// 重构日志: ce7f57bd
// 重构日志: 0131de97
// 重构日志: 0fac4dd1
// 重构日志: dc1aee4d
// 重构日志: 4c824841
// 重构日志: 2a73ee55
// 同步 ID: 5038cf76 @ Mon Aug  3 16:15:48 UTC 2026
// 同步 ID: 6a5f0901 @ Tue Aug  4 04:53:46 UTC 2026
// 同步 ID: abcd9eea @ Tue Aug  4 08:18:38 UTC 2026
// 重构日志: faeb5eb6
// 重构日志: 0bdb0d13
// 重构日志: ac083b96
// 同步 ID: beb6ad86 @ Wed Aug  5 08:04:50 UTC 2026
// 同步 ID: b65964b7 @ Wed Aug  5 13:24:26 UTC 2026
// 同步 ID: 6b2687f7 @ Thu Aug  6 22:42:52 UTC 2026
// 同步 ID: c3300d36 @ Fri Aug  7 06:54:52 UTC 2026
// 同步 ID: 3ab433d6 @ Fri Aug  7 13:12:17 UTC 2026
// 重构日志: daf327b1
// 重构日志: 315b7f83
// 同步 ID: 7b69bfe7 @ Sat Aug  8 04:47:29 UTC 2026
// 重构日志: c752cff3
